> Task :app:checkKotlinGradlePluginConfigurationErrors SKIPPED
> Task :app:preBuild UP-TO-DATE
> Task :app:preDebugBuild UP-TO-DATE
> Task :app:checkDebugAarMetadata UP-TO-DATE
> Task :app:processDebugNavigationResources UP-TO-DATE
> Task :app:compileDebugNavigationResources UP-TO-DATE
> Task :app:generateDebugResValues UP-TO-DATE
> Task :app:mapDebugSourceSetPaths UP-TO-DATE
> Task :app:generateDebugResources UP-TO-DATE
> Task :app:mergeDebugResources UP-TO-DATE
> Task :app:packageDebugResources UP-TO-DATE
> Task :app:parseDebugLocalResources UP-TO-DATE
> Task :app:createDebugCompatibleScreenManifests UP-TO-DATE
> Task :app:extractDeepLinksDebug UP-TO-DATE
> Task :app:processDebugMainManifest UP-TO-DATE
> Task :app:processDebugManifest UP-TO-DATE
> Task :app:processDebugManifestForPackage UP-TO-DATE
> Task :app:processDebugResources UP-TO-DATE

> Task :app:compileDebugKotlin FAILED
.\gradlew.bat : e: file:///E:/AnkYudh--
-A-Jetpack-Compose-Multiplayer-Gaming-P
latform-with-Integrated-Secure-Chat/app
/src/main/java/com/example/ankyudh/Main
Activity.kt:35:32 Unresolved reference 
'Modifier'.
At line:1 char:1
+ .\gradlew.bat app:compileDebugKotlin 
> build_errors.log 2>&1
+ ~~~~~~~~~~~~~~~~~~~~~~~~~~~~~~~~~~~~~
~~~~~~~~~~~~~~~~~~~~~~~
    + CategoryInfo          : NotSpeci 
   fied: (e: file:///E:/A...nce 'Modi  
  fier'.:String) [], RemoteException
    + FullyQualifiedErrorId : NativeCo 
   mmandError
 
e: file:///E:/AnkYudh---A-Jetpack-Compo
se-Multiplayer-Gaming-Platform-with-Int
egrated-Secure-Chat/app/src/main/java/c
om/example/ankyudh/MainActivity.kt:37:2
5 None of the following candidates is 
applicable:
fun FluidBottomNavigation(): Unit
fun 
FluidBottomNavigation(renderEffect: 
RenderEffect?, fabAnimationProgress: 
Float = ..., clickAnimationProgress: 
Float = ..., toggleAnimation: () -> 
Unit = ..., onNavigationSelected: 
(String) -> Unit = ...): Unit
e: file:///E:/AnkYudh---A-Jetpack-Compo
se-Multiplayer-Gaming-Platform-with-Int
egrated-Secure-Chat/app/src/main/java/c
om/example/ankyudh/MainActivity.kt:38:5
4 Cannot infer type for this 
parameter. Please specify it 
explicitly.
e: file:///E:/AnkYudh---A-Jetpack-Compo
se-Multiplayer-Gaming-Platform-with-Int
egrated-Secure-Chat/app/src/main/java/c
om/example/ankyudh/MainActivity.kt:48:3
6 Unresolved reference 'Modifier'.
e: file:///E:/AnkYudh---A-Jetpack-Compo
se-Multiplayer-Gaming-Platform-with-Int
egrated-Secure-Chat/app/src/main/java/c
om/example/ankyudh/ui/components/FluidB
ottomNavigation.kt:111:32 Unresolved 
reference 'onNavigationSelected'.
e: file:///E:/AnkYudh---A-Jetpack-Compo
se-Multiplayer-Gaming-Platform-with-Int
egrated-Secure-Chat/app/src/main/java/c
om/example/ankyudh/ui/screens/ChatScree
n.kt:79:52 Unresolved reference 
'outlinedTextFieldColors'.
e: file:///E:/AnkYudh---A-Jetpack-Compo
se-Multiplayer-Gaming-Platform-with-Int
egrated-Secure-Chat/app/src/main/java/c
om/example/ankyudh/ui/screens/ProfileSc
reen.kt:135:41 Unresolved reference 
'clickable'.

FAILURE: Build failed with an 
exception.

* What went wrong:
Execution failed for task 
':app:compileDebugKotlin'.
> A failure occurred while executing or
g.jetbrains.kotlin.compilerRunner.Gradl
eCompilerRunnerWithWorkers$GradleKotlin
CompilerWorkAction
   > Compilation error. See log for 
more details

* Try:
> Run with --stacktrace option to get 
the stack trace.
> Run with --info or --debug option to 
get more log output.
> Run with --scan to get full insights.
> Get more help at 
https://help.gradle.org.

BUILD FAILED in 6s
16 actionable tasks: 1 executed, 15 up-to-date
